// Jest Snapshot v1, https://goo.gl/fbAQLP

exports[`<Table /> should match to spapshot 1`] = `
<table
  className="Table-evpfJW ekcGgi"
/>
`;

exports[`<Tbody /> should match to spapshot 1`] = `
<tbody
  className="Table__Tbody-coKAkO dHtLHf"
/>
`;

exports[`<Td /> should match to spapshot 1`] = `
<td
  className="Table__Td-rXNav LRKLc"
/>
`;

exports[`<Th /> should match to spapshot 1`] = `
<th
  className="Table__Th-eisASl fdsIwX"
/>
`;
