// Jest Snapshot v1, https://goo.gl/fbAQLP

exports[`<Login /> snapshotが一致すること 1`] = `
<withRouter(LoginButton)
  lock={
    Auth0Lock {
      "_events": Object {
        "newListener": [Function],
      },
      "_eventsCount": 1,
      "_maxListeners": undefined,
      "domain": null,
      "engine": Classic {},
      "id": 1,
      "validEvents": Array [
        "show",
        "hide",
        "unrecoverable_error",
        "authenticated",
        "authorization_error",
        "hash_parsed",
        "signin ready",
        "signup ready",
        "forgot_password ready",
        "forgot_password submit",
        "signin submit",
        "signup submit",
        "federated login",
      ],
    }
  }
/>
`;
