// Jest Snapshot v1, https://goo.gl/fbAQLP

exports[`<History /> pass empty array should match to snapshot 1`] = `
<styled.div>
  <styled.div>
    History
  </styled.div>
  <styled.div>
    <styled.select
      defaultValue="1week"
      onChange={[Function]}
    >
      <option
        value="1week"
      >
        1week
      </option>
      <option
        value="1month"
      >
        1month
      </option>
      <option
        value="all"
      >
        all
      </option>
    </styled.select>
  </styled.div>
  <styled.table
    enzyme-testid="history-table"
  >
    <styled.tbody>
      <styled.tr>
        <styled.th>
          date
        </styled.th>
        <styled.th>
          total
        </styled.th>
        <styled.th>
          in
        </styled.th>
        <styled.th>
          out
        </styled.th>
      </styled.tr>
      <styled.tr
        enzyme-testid="history-table-na"
      >
        <styled.td>
          N/A
        </styled.td>
        <styled.td>
          N/A
        </styled.td>
        <styled.td>
          N/A
        </styled.td>
        <styled.td>
          N/A
        </styled.td>
      </styled.tr>
    </styled.tbody>
  </styled.table>
</styled.div>
`;

exports[`<History /> pass first time clock in data should match to snapshot 1`] = `
<styled.div>
  <styled.div>
    History
  </styled.div>
  <styled.div>
    <styled.select
      defaultValue="1week"
      onChange={[Function]}
    >
      <option
        value="1week"
      >
        1week
      </option>
      <option
        value="1month"
      >
        1month
      </option>
      <option
        value="all"
      >
        all
      </option>
    </styled.select>
  </styled.div>
  <styled.table
    enzyme-testid="history-table"
  >
    <styled.tbody>
      <styled.tr>
        <styled.th>
          date
        </styled.th>
        <styled.th>
          total
        </styled.th>
        <styled.th>
          in
        </styled.th>
        <styled.th>
          out
        </styled.th>
      </styled.tr>
      <styled.tr
        enzyme-testid="history-table-na"
      >
        <styled.td>
          N/A
        </styled.td>
        <styled.td>
          N/A
        </styled.td>
        <styled.td>
          N/A
        </styled.td>
        <styled.td>
          N/A
        </styled.td>
      </styled.tr>
    </styled.tbody>
  </styled.table>
</styled.div>
`;
