// Jest Snapshot v1, https://goo.gl/fbAQLP

exports[`<History /> pass empty array should be match snapshot 1`] = `
<History__Container>
  <History__Header>
    History
  </History__Header>
  <History__Table>
    <tbody>
      <tr>
        <th>
          date
        </th>
        <th>
          total
        </th>
        <th>
          in
        </th>
        <th>
          out
        </th>
      </tr>
      <tr>
        <td>
          N/A
        </td>
        <td>
          N/A
        </td>
        <td>
          N/A
        </td>
        <td>
          N/A
        </td>
      </tr>
    </tbody>
  </History__Table>
</History__Container>
`;
